======================================================================
FULL FLOW TEST - INDUSTRIAL ESTATE OPTIMIZATION
======================================================================

======================================================================
TEST 1: PRODUCTION OPTIMIZER
======================================================================
python : Traceback (most 
recent call last):
At line:1 char:1
+ python 
test_full_flow_complete.py > 
output/test_output.txt 2>&1; 
type ...
+ ~~~~~~~~~~~~~~~~~~~~~~~~~~~
~~~~~~~~~~~~~~~~~~~~~~~~~~~~~
~~~~~~~
    + CategoryInfo           
   : NotSpecified: (Traceba  
  ck (most recent call las   
 t)::String) [], RemoteEx    
ception
    + FullyQualifiedErrorId  
   : NativeCommandError
 
  File "D:\Gitrepo\REMB\src\a
lgorithms\production_optimize
r.py", line 26, in <module>
    from rectpack import 
newPacker, PackingMode, 
PackingAlgorithm
ImportError: cannot import 
name 'PackingAlgorithm' from 
'rectpack' (C:\Users\Admin\Ap
pData\Roaming\Python\Python31
1\site-packages\rectpack\__in
it__.py)

During handling of the above 
exception, another exception 
occurred:

Traceback (most recent call 
last):
  File "D:\Gitrepo\REMB\test_
full_flow_complete.py", line 
22, in <module>
    from src.algorithms.produ
ction_optimizer import (
  File "D:\Gitrepo\REMB\src\a
lgorithms\production_optimize
r.py", line 30, in <module>
    print("\u26a0\ufe0f 
rectpack not installed. Run: 
pip install rectpack")
  File "C:\ProgramData\anacon
da3\Lib\encodings\cp1252.py",
 line 19, in encode
    return codecs.charmap_enc
ode(input,self.errors,encodin
g_table)[0]
           ^^^^^^^^^^^^^^^^^^
^^^^^^^^^^^^^^^^^^^^^^^^^^^^^
^^^^^^^^
UnicodeEncodeError: 
'charmap' codec can't encode 
characters in position 0-1: 
character maps to <undefined>
